// Jest Snapshot v1, https://goo.gl/fbAQLP

exports[`Options should work 1`] = `
HTMLCollection [
  <ul
    class="rc-menu rc-menu-root rc-menu-inline"
    data-menu-list="true"
    role="menu"
    tabindex="0"
  >
    <li
      class="rc-menu-submenu rc-menu-submenu-inline rc-menu-submenu-open"
      role="none"
    >
      <div
        aria-controls="rc-menu-uuid-test-sub1-popup"
        aria-expanded="true"
        aria-haspopup="true"
        class="rc-menu-submenu-title"
        data-menu-id="rc-menu-uuid-test-sub1"
        role="menuitem"
        style="padding-left: 24px;"
        tabindex="-1"
        title="SubMenu"
      >
        SubMenu
        <i
          class="rc-menu-submenu-arrow"
        />
      </div>
      <ul
        class="rc-menu rc-menu-sub rc-menu-inline"
        data-menu-list="true"
        id="rc-menu-uuid-test-sub1-popup"
        role="menu"
      >
        <li
          class="rc-menu-item-group"
          role="presentation"
        >
          <div
            class="rc-menu-item-group-title"
            role="presentation"
            title="Menu Group"
          >
            Menu Group
          </div>
          <ul
            class="rc-menu-item-group-list"
            role="group"
          >
            <li
              class="rc-menu-item"
              data-menu-id="rc-menu-uuid-test-1"
              role="menuitem"
              style="padding-left: 48px;"
              tabindex="-1"
            >
              Menu Item 1
            </li>
            <li
              class="rc-menu-item"
              data-menu-id="rc-menu-uuid-test-2"
              role="menuitem"
              style="padding-left: 48px;"
              tabindex="-1"
            >
              Menu Item 2
            </li>
          </ul>
        </li>
      </ul>
    </li>
    <li
      class="rc-menu-item-divider"
      role="separator"
    />
  </ul>,
  <div
    aria-hidden="true"
    style="display: none;"
  />,
]
`;
